// Vitest Snapshot v1, https://vitest.dev/guide/snapshot.html

exports[`SelectQuotePopover > renders the component with initial props 1`] = `
<div>
  <div
    class="select-quote-popover"
  >
    <div
      class="popover-container"
    >
      <div
        class="select-quote-popover__popover-bg"
      />
      <section
        class="popover-wrap select-quote-popover__popover-wrap"
      >
        <div
          class="box popover-header box--padding-6 box--sm:padding-4 box--md:padding-4 box--display-flex box--flex-direction-column box--background-color-background-default box--rounded-xl"
        >
          <div
            class="box popover-header__title box--margin-bottom-2 box--display-flex box--flex-direction-row box--justify-content-space-between box--align-items-center"
          >
            <h2
              class="mm-box mm-text flex-1 mm-text--heading-sm mm-text--ellipsis mm-text--text-align-start mm-box--width-full mm-box--color-text-default"
            >
              Quote details
            </h2>
            <button
              aria-label="Close"
              class="mm-box mm-button-icon mm-button-icon--size-sm mm-box--display-inline-flex mm-box--justify-content-center mm-box--align-items-center mm-box--color-icon-default mm-box--background-color-transparent mm-box--rounded-lg"
              data-testid="popover-close"
            >
              <span
                class="mm-box mm-icon mm-icon--size-sm mm-box--display-inline-block mm-box--color-inherit"
              />
            </button>
          </div>
          <p
            class="mm-box mm-text mm-text--body-sm mm-box--color-text-default"
          >
            Below are all the quotes gathered from multiple liquidity sources.
          </p>
        </div>
        <div
          class="box popover-content box--display-flex box--flex-direction-column box--justify-content-flex-start box--align-items-stretch box--rounded-xl"
        >
          <div
            class="select-quote-popover__sort-list"
          >
            <div
              class="select-quote-popover__column-headers"
            >
              <div
                class="select-quote-popover__column-header select-quote-popover__receiving"
                data-testid="select-quote-popover__receiving"
              >
                <span
                  class="select-quote-popover__receiving-symbol"
                >
                  ETH
                </span>
                <div
                  class="select-quote-popover__receiving-label"
                >
                  <span>
                    Receiving
                  </span>
                  <div
                    class="info-tooltip"
                    data-testid="info-tooltip"
                  >
                    <div>
                      <div
                        aria-describedby="tippy-tooltip-1"
                        class="info-tooltip__tooltip-container"
                        data-original-title="null"
                        data-tooltipped=""
                        style="display: inline;"
                        tabindex="0"
                      >
                        <svg
                          viewBox="0 0 10 10"
                          xmlns="http://www.w3.org/2000/svg"
                        >
                          <path
                            d="M5 0C2.2 0 0 2.2 0 5s2.2 5 5 5 5-2.2 5-5-2.2-5-5-5zm0 2c.4 0 .7.3.7.7s-.3.7-.7.7-.7-.2-.7-.6.3-.8.7-.8zm.7 6H4.3V4.3h1.5V8z"
                            fill="var(--color-icon-alternative)"
                          />
                        </svg>
                      </div>
                    </div>
                  </div>
                  <svg
                    fill="none"
                    height="9"
                    viewBox="0 0 6 9"
                    width="6"
                    xmlns="http://www.w3.org/2000/svg"
                  >
                    <path
                      d="M0.7948 4.96973C0.365112 4.96973 0.150269 5.47754 0.462769 5.77051L2.78699 8.09473C2.96277 8.29004 3.25574 8.29004 3.45105 8.09473L5.77527 5.77051C6.06824 5.47754 5.85339 4.96973 5.44324 4.96973H0.7948ZM5.77527 2.91895L3.45105 0.594727C3.25574 0.418945 2.96277 0.418945 2.78699 0.594727L0.462769 2.91895C0.150269 3.23145 0.365112 3.71973 0.7948 3.71973H5.44324C5.85339 3.71973 6.06824 3.23145 5.77527 2.91895Z"
                      fill="var(--color-primary-default)"
                    />
                  </svg>
                </div>
              </div>
              <div
                class="select-quote-popover__column-header select-quote-popover__network-fees select-quote-popover__network-fees-header"
                data-testid="select-quote-popover__network-fees-header"
              >
                <span>
                  Estimated network fees
                </span>
                <div
                  class="info-tooltip"
                  data-testid="info-tooltip"
                >
                  <div>
                    <div
                      aria-describedby="tippy-tooltip-2"
                      class="info-tooltip__tooltip-container"
                      data-original-title="null"
                      data-tooltipped=""
                      style="display: inline;"
                      tabindex="0"
                    >
                      <svg
                        viewBox="0 0 10 10"
                        xmlns="http://www.w3.org/2000/svg"
                      >
                        <path
                          d="M5 0C2.2 0 0 2.2 0 5s2.2 5 5 5 5-2.2 5-5-2.2-5-5-5zm0 2c.4 0 .7.3.7.7s-.3.7-.7.7-.7-.2-.7-.6.3-.8.7-.8zm.7 6H4.3V4.3h1.5V8z"
                          fill="var(--color-icon-alternative)"
                        />
                      </svg>
                    </div>
                  </div>
                </div>
                <svg
                  fill="none"
                  height="9"
                  viewBox="0 0 6 9"
                  width="6"
                  xmlns="http://www.w3.org/2000/svg"
                >
                  <path
                    d="M0.7948 4.96973C0.365112 4.96973 0.150269 5.47754 0.462769 5.77051L2.78699 8.09473C2.96277 8.29004 3.25574 8.29004 3.45105 8.09473L5.77527 5.77051C6.06824 5.47754 5.85339 4.96973 5.44324 4.96973H0.7948ZM5.77527 2.91895L3.45105 0.594727C3.25574 0.418945 2.96277 0.418945 2.78699 0.594727L0.462769 2.91895C0.150269 3.23145 0.365112 3.71973 0.7948 3.71973H5.44324C5.85339 3.71973 6.06824 3.23145 5.77527 2.91895Z"
                    fill="var(--color-primary-default)"
                  />
                </svg>
              </div>
              <div
                class="select-quote-popover__column-header select-quote-popover__quote-source"
                data-testid="select-quote-popover__quote-source"
              >
                Quote source
                <div
                  class="select-quote-popover__quote-source-toggle"
                >
                  <svg
                    fill="none"
                    height="9"
                    viewBox="0 0 6 9"
                    width="6"
                    xmlns="http://www.w3.org/2000/svg"
                  >
                    <path
                      d="M0.7948 4.96973C0.365112 4.96973 0.150269 5.47754 0.462769 5.77051L2.78699 8.09473C2.96277 8.29004 3.25574 8.29004 3.45105 8.09473L5.77527 5.77051C6.06824 5.47754 5.85339 4.96973 5.44324 4.96973H0.7948ZM5.77527 2.91895L3.45105 0.594727C3.25574 0.418945 2.96277 0.418945 2.78699 0.594727L0.462769 2.91895C0.150269 3.23145 0.365112 3.71973 0.7948 3.71973H5.44324C5.85339 3.71973 6.06824 3.23145 5.77527 2.91895Z"
                      fill="var(--color-primary-default)"
                    />
                  </svg>
                </div>
              </div>
            </div>
          </div>
        </div>
        <div
          class="box popover-footer swaps__footer box--padding-4 box--sm:padding-6 box--md:padding-6 box--display-flex box--flex-direction-row box--justify-content-space-between"
        >
          <button
            class="mm-box mm-text mm-button-base mm-button-base--size-md page-container__footer-button select-quote-popover__button mm-button-secondary mm-text--body-md-medium mm-box--padding-0 mm-box--padding-right-4 mm-box--padding-left-4 mm-box--display-inline-flex mm-box--justify-content-center mm-box--align-items-center mm-box--color-text-default mm-box--background-color-background-muted mm-box--rounded-xl"
          >
            Close
          </button>
          <button
            class="mm-box mm-text mm-button-base mm-button-base--size-md page-container__footer-button select-quote-popover__button mm-button-primary mm-text--body-md-medium mm-box--padding-0 mm-box--padding-right-4 mm-box--padding-left-4 mm-box--display-inline-flex mm-box--justify-content-center mm-box--align-items-center mm-box--color-icon-inverse mm-box--background-color-icon-default mm-box--rounded-xl"
          >
            Select
          </button>
        </div>
      </section>
    </div>
  </div>
</div>
`;
