// Vitest Snapshot v1, https://vitest.dev/guide/snapshot.html

exports[`ConnectHardwareForm > initial render > render matches snapshot 1`] = `
<div>
  <h2>
    Unexpected Application Error!
  </h2>
  <h3
    style="font-style: italic;"
  >
    Unable to find value of key "continue" for locale "en"
  </h3>
  <pre
    style="padding: 0.5rem; background-color: rgba(200, 200, 200, 0.5);"
  >
    Error: Unable to find value of key "continue" for locale "en"
    at missingKeyError (/Users/francis/Code/extension/shared/lib/i18n.ts:178:19)
    at getMessage (/Users/francis/Code/extension/shared/lib/i18n.ts:74:5)
    at getMessage (/Users/francis/Code/extension/ui/helpers/utils/i18n-helper.tsx:39:10)
    at /Users/francis/Code/extension/test/lib/render-helpers-navigate.js:39:7
    at renderContinueButton (/Users/francis/Code/extension/ui/pages/create-account/connect-hardware/select-hardware.tsx:400:8)
    at renderConnectScreen (/Users/francis/Code/extension/ui/pages/create-account/connect-hardware/select-hardware.tsx:688:8)
    at SelectHardware (/Users/francis/Code/extension/ui/pages/create-account/connect-hardware/select-hardware.tsx:694:12)
    at renderWithHooks (/Users/francis/Code/extension/node_modules/react-dom/cjs/react-dom.development.js:14985:18)
    at mountIndeterminateComponent (/Users/francis/Code/extension/node_modules/react-dom/cjs/react-dom.development.js:17811:13)
    at beginWork (/Users/francis/Code/extension/node_modules/react-dom/cjs/react-dom.development.js:19049:16)
  </pre>
  <p>
    💿 Hey developer 👋
  </p>
  <p>
    You can provide a way better UX than this when your app throws errors by providing your own 
    <code
      style="padding: 2px 4px; background-color: rgba(200, 200, 200, 0.5);"
    >
      ErrorBoundary
    </code>
     or
     
    <code
      style="padding: 2px 4px; background-color: rgba(200, 200, 200, 0.5);"
    >
      errorElement
    </code>
     prop on your route.
  </p>
</div>
`;
